2018-10-16-main-INFO -com.capgemini.takehome.ui.Client:log4j configured
2018-10-16-main-INFO -com.capgemini.takehome.ui.Client:log4j configured
2018-10-16-main-INFO -com.capgemini.takehome.ui.Client:log4j configured
2018-10-16-main-INFO -com.capgemini.takehome.ui.Client:log4j configured
2018-10-16-main-INFO -com.capgemini.takehome.ui.Client:log4j configured
2018-10-16-main-INFO -com.capgemini.takehome.ui.Client:log4j configured
2018-10-16-main-INFO -com.capgemini.takehome.ui.Client:log4j configured
2018-10-16-main-INFO -com.capgemini.takehome.ui.Client:log4j configured
2018-10-16-main-INFO -com.capgemini.takehome.ui.Client:log4j configured
2018-10-16-main-INFO -com.capgemini.takehome.ui.Client:log4j configured
2018-10-16-main-INFO -com.capgemini.takehome.ui.Client:log4j configured
2018-10-16-main-INFO -com.capgemini.takehome.ui.Client:log4j configured
